select 'c#\'#not comment'
select "c#\"#not comment"






