[]*common.Column{
    &common.Column{
        Name:        "film_id",
        Alias:       nil,
        Table:       "film",
        DB:          "sakila",
        DataType:    "smallint unsigned",
        Character:   "utf8mb3",
        Collation:   "utf8mb3_general_ci",
        Cardinality: 0,
        Null:        "",
        Key:         "",
        Default:     "",
        Extra:       "",
        Comment:     "",
        Privileges:  "",
    },
}
